#-----------------------------------------------------------
# Vivado v2022.2 (64-bit)
# SW Build 3671981 on Fri Oct 14 05:00:03 MDT 2022
# IP Build 3669848 on Fri Oct 14 08:30:02 MDT 2022
# Start of session at: Fri Nov 10 10:17:51 2023
# Process ID: 3320
# Current directory: C:/Users/bogdi/OneDrive/Desktop/SCS/Lab5/structural/FIFO_structural
# Command line: vivado.exe -gui_launcher_event rodinguilauncherevent3368 C:\Users\bogdi\OneDrive\Desktop\SCS\Lab5\structural\FIFO_structural\FIFO_structural.xpr
# Log file: C:/Users/bogdi/OneDrive/Desktop/SCS/Lab5/structural/FIFO_structural/vivado.log
# Journal file: C:/Users/bogdi/OneDrive/Desktop/SCS/Lab5/structural/FIFO_structural\vivado.jou
# Running On: DESKTOP-OT8PN98, OS: Windows, CPU Frequency: 2808 MHz, CPU Physical cores: 4, Host memory: 17058 MB
#-----------------------------------------------------------
start_gui
open_project C:/Users/bogdi/OneDrive/Desktop/SCS/Lab5/structural/FIFO_structural/FIFO_structural.xpr
update_compile_order -fileset sources_1
launch_simulation
source testbench_fifo_memory.tcl
current_wave_config {Untitled 1}
add_wave {{/testbench_fifo_memory/uut/fifo88/rdptr}} 
current_wave_config {Untitled 1}
add_wave {{/testbench_fifo_memory/uut/fifo88/wrptr}} 
current_wave_config {Untitled 1}
add_wave {{/testbench_fifo_memory/uut/fifo88/ff1/q}} 
current_wave_config {Untitled 1}
add_wave {{/testbench_fifo_memory/uut/fifo88/ff2/q}} 
current_wave_config {Untitled 1}
add_wave {{/testbench_fifo_memory/uut/fifo88/ff3/q}} 
current_wave_config {Untitled 1}
add_wave {{/testbench_fifo_memory/uut/fifo88/ff4/q}} 
current_wave_config {Untitled 1}
add_wave {{/testbench_fifo_memory/uut/fifo88/ff5/q}} 
current_wave_config {Untitled 1}
add_wave {{/testbench_fifo_memory/uut/fifo88/ff6/q}} 
current_wave_config {Untitled 1}
add_wave {{/testbench_fifo_memory/uut/fifo88/ff7/q}} 
current_wave_config {Untitled 1}
add_wave {{/testbench_fifo_memory/uut/fifo88/ff8/q}} 
run 40 ns
run 40 ns
run 40 ns
run 40 ns
run 40 ns
run 40 ns
run 40 ns
run 40 ns
run 40 ns
run 40 ns
run 40 ns
run 40 ns
run 40 ns
run 40 ns
run 40 ns
close_sim
